// Jest Snapshot v1, https://goo.gl/fbAQLP

exports[`GeneralCardInfo component should render correctly 1`] = `
<DocumentFragment>
  <div
    class="MuiGrid-root makeStyles-mainCard-8 MuiGrid-item MuiGrid-grid-xs-12"
  >
    <div
      class="MuiPaper-root MuiCard-root makeStyles-root-1 makeStyles-cardPaper-5 MuiPaper-outlined MuiPaper-rounded"
      data-testid="general-card-info"
    >
      <div
        class="MuiCardContent-root makeStyles-content-3"
      >
        <div
          class="MuiGrid-root MuiGrid-container MuiGrid-item MuiGrid-align-items-xs-center MuiGrid-justify-xs-space-between MuiGrid-grid-xs-12"
          style="display: flex;"
        >
          <div
            class="MuiGrid-root MuiGrid-container MuiGrid-item MuiGrid-align-items-xs-center MuiGrid-justify-xs-center MuiGrid-grid-xs-2"
          >
            <button
              class="MuiButtonBase-root makeStyles-iconBase-9"
              tabindex="0"
              type="button"
            >
              <span
                class="MuiTouchRipple-root"
              />
            </button>
          </div>
          <div
            class="MuiGrid-root MuiGrid-container MuiGrid-item MuiGrid-direction-xs-column MuiGrid-align-items-xs-flex-start MuiGrid-justify-xs-space-between MuiGrid-grid-xs-7"
            style="display: flex; width: 100%;"
          >
            <h6
              class="MuiTypography-root MuiTypography-h6 MuiTypography-colorPrimary"
              data-testid="header"
            >
              mainHeader
            </h6>
            <h6
              class="MuiTypography-root MuiTypography-subtitle1"
              data-testid="sub-header"
            >
              subHeader
            </h6>
          </div>
          <div
            class="MuiGrid-root MuiGrid-container MuiGrid-item MuiGrid-align-items-xs-center MuiGrid-justify-xs-flex-end MuiGrid-grid-xs-3"
          />
        </div>
      </div>
    </div>
  </div>
</DocumentFragment>
`;
