// Jest Snapshot v1, https://goo.gl/fbAQLP

exports[`DonutDisplay component should render correctly 1`] = `
<DocumentFragment>
  <div
    class="MuiGrid-root MuiGrid-item MuiGrid-grid-xs-12 css-6wbyuk-MuiGrid-root"
  >
    <canvas
      height="250"
      width="250"
    />
  </div>
</DocumentFragment>
`;
