// Jest Snapshot v1, https://goo.gl/fbAQLP

exports[`AreaChartDisplay component should render correctly 1`] = `
<DocumentFragment>
  <canvas
    height="150"
    width="300"
  />
</DocumentFragment>
`;
