// Jest Snapshot v1, https://goo.gl/fbAQLP

exports[`DashboardCard component should render correctly 1`] = `
<DocumentFragment>
  <div
    class="MuiGrid-root makeStyles-mainCard-8 MuiGrid-item MuiGrid-grid-xs-12"
  >
    <div
      class="MuiPaper-root MuiCard-root makeStyles-root-1 makeStyles-cardPaper-5 MuiPaper-outlined MuiPaper-rounded"
      data-testid="dashboard-card"
    >
      <div
        class="MuiCardHeader-root"
      >
        <div
          class="MuiCardHeader-content"
        >
          <h6
            class="MuiTypography-root makeStyles-title-4 MuiTypography-subtitle2 MuiTypography-colorPrimary"
            data-testid="header"
          >
            Header
          </h6>
        </div>
      </div>
      <div
        class="MuiCardContent-root makeStyles-content-3"
      >
        <div
          class="MuiGrid-root MuiGrid-container MuiGrid-spacing-xs-2 MuiGrid-item MuiGrid-direction-xs-column MuiGrid-align-items-xs-center MuiGrid-justify-xs-center MuiGrid-grid-xs-12"
          data-testid="body"
          style="display: flex; text-align: center; margin: 0px;"
        >
          Body
        </div>
      </div>
    </div>
  </div>
</DocumentFragment>
`;
